---
source: tests/my_tests.rs
expression: solutions_string
---
Noah eastwood : a wooden shoat; Noah eastwood : a stoned wahoo; Olivia eastwood : a violet woodsia; Oliver eastwood : avowed oestriol; Amelia eastwood : a desolate miaow; Isla eastwood : least woodsia; Isla eastwood : stale woodsia; Isla eastwood : a lowest adios; Isla eastwood : a lowset adios; Arthur eastwood : shoreward tatou
