---
source: tests/my_tests.rs
expression: solutions_string
---
name abrogator : anagram reboot; name agaric : anagram ice; name aggrade : anagram edge; name agrapha : anagram epha; name agrapha : anagram heap; name agraphon : anagram phone; name agrarian : anagram reina; name agromania : anagram anomie; name aguilar : anagram lieu; name alarming : anagram limen
