---
source: tests/my_tests.rs
expression: solutions_string
---
clint eastwood : wainscoted lot; clint eastwood : colonised twat; clint eastwood : colonised watt; clint eastwood : colonised Watt; clint eastwood : desolation cwt; clint eastwood : satinwood Celt; clint eastwood : lacewood stint; clint eastwood : downcast Eliot; clint eastwood : downcast Teilo; clint eastwood : anecdotist low
