---
source: tests/my_tests.rs
expression: solutions_string
---
clint eastwood : wainscoted lot; clint eastwood : colonised twat; clint eastwood : colonised watt; clint eastwood : low anecdotist; clint eastwood : cowled station; clint eastwood : oscitant dowel; clint eastwood : latticed swoon; clint eastwood : a stoic letdown; clint eastwood : a stenotic wold; clint eastwood : a second wittol
