---
source: tests/my_tests.rs
expression: solutions_string
---
davis ephanie : a vanished pie; davis ephanie : a divine heaps; davis ephanie : a divine phase; davis ephanie : a divine shape; davis ephanie : a pained hives; davis ephanie : an heaps ivied; davis ephanie : an phase ivied; davis ephanie : an shape ivied
