---
source: tests/my_tests.rs
expression: solutions_string
---
clint eastwood : downscale tito; clint eastwood : wainscoted lot; clint eastwood : colonised twat; clint eastwood : colonised watt; clint eastwood : downcast eliot; clint eastwood : cowled station; clint eastwood : oscitant dowel; clint eastwood : latticed swoon; clint eastwood : toscano wilted
