---
source: tests/my_tests.rs
expression: solutions_string
---
name arrogation : anagram tenorio; name awarding : anagram edwin; name awarding : anagram wendi; name awarding : anagram widen; name anagrams : anagram manse; name anagrams : anagram means; name anagrams : anagram names; name safeguard : anagram defuse; name ravaging : anagram given; name barrage : anagram beer
