---
source: tests/my_tests.rs
expression: solutions_string
---
davis ephanie : a vanished pie; davis ephanie : a divine heaps; davis ephanie : a divine phase; davis ephanie : a divine shape; davis ephanie : a pained hives; davis ephanie : an ivied heaps; davis ephanie : an ivied phase; davis ephanie : an ivied shape
